```
[    0.000000] Booting Linux on physical CPU 0x0
[    0.000000] Linux version 5.4.213 (mosheng@mosheng) (gcc version 7.5.0 (OpenWrt GCC 7.5.0 r0-76823685b)) #0 SMP PREEMPT Thu Apr 11 10:42:12 2024
[    0.000000] CPU: ARMv7 Processor [51af8014] revision 4 (ARMv7), cr=10c0383d
[    0.000000] CPU: div instructions available: patching division code
[    0.000000] CPU: PIPT / VIPT nonaliasing data cache, VIPT aliasing instruction cache
[    0.000000] OF: fdt: Machine model: CMIOT AX18
[    0.000000] Memory policy: Data cache writealloc
[    0.000000] On node 0 totalpages: 51456
[    0.000000]   Normal zone: 576 pages used for memmap
[    0.000000]   Normal zone: 0 pages reserved
[    0.000000]   Normal zone: 51456 pages, LIFO batch:15
[    0.000000] psci: probing for conduit method from DT.
[    0.000000] psci: PSCIv1.0 detected in firmware.
[    0.000000] psci: Using standard PSCI v0.2 function IDs
[    0.000000] psci: MIGRATE_INFO_TYPE not supported.
[    0.000000] psci: SMC Calling Convention v1.0
[    0.000000] percpu: Embedded 15 pages/cpu s32204 r8192 d21044 u61440
[    0.000000] pcpu-alloc: s32204 r8192 d21044 u61440 alloc=15*4096
[    0.000000] pcpu-alloc: [0] 0 [0] 1 [0] 2 [0] 3 
[    0.000000] Built 1 zonelists, mobility grouping on.  Total pages: 50880
[    0.000000] Kernel command line: console=ttyMSM0,115200n8 ubi.mtd=rootfs root=mtd:ubi_rootfs rootfstype=squashfs rootwait root=/dev/ubiblock0_1 swiotlb=1 coherent_pool=2M
[    0.000000] Dentry cache hash table entries: 32768 (order: 5, 131072 bytes, linear)
[    0.000000] Inode-cache hash table entries: 16384 (order: 4, 65536 bytes, linear)
[    0.000000] mem auto-init: stack:off, heap alloc:off, heap free:off
[    0.000000] Memory: 195100K/205824K available (5739K kernel code, 245K rwdata, 1308K rodata, 280K init, 336K bss, 10724K reserved, 0K cma-reserved, 0K highmem)
[    0.000000] SLUB: HWalign=64, Order=0-3, MinObjects=0, CPUs=4, Nodes=1
[    0.000000] rcu: Preemptible hierarchical RCU implementation.
[    0.000000] 	Tasks RCU enabled.
[    0.000000] rcu: RCU calculated value of scheduler-enlistment delay is 10 jiffies.
[    0.000000] NR_IRQS: 16, nr_irqs: 16, preallocated irqs: 16
[    0.000000] GICv2m: range[mem 0x0b00a000-0x0b00affc], SPI[448:479]
[    0.000000] arch_timer: cp15 and mmio timer(s) running at 24.00MHz (virt/virt).
[    0.000000] clocksource: arch_sys_counter: mask: 0xffffffffffffff max_cycles: 0x588fe9dc0, max_idle_ns: 440795202592 ns
[    0.000005] sched_clock: 56 bits at 24MHz, resolution 41ns, wraps every 4398046511097ns
[    0.000016] Switching to timer-based delay loop, resolution 41ns
[    0.000296] Calibrating delay loop (skipped), value calculated using timer frequency.. 48.00 BogoMIPS (lpj=240000)
[    0.000309] pid_max: default: 32768 minimum: 301
[    0.000434] Mount-cache hash table entries: 1024 (order: 0, 4096 bytes, linear)
[    0.000445] Mountpoint-cache hash table entries: 1024 (order: 0, 4096 bytes, linear)
[    0.001149] CPU: Testing write buffer coherency: ok
[    0.001413] CPU0: thread -1, cpu 0, socket 0, mpidr 80000000
[    0.001848] Setting up static identity map for 0x41008280 - 0x410082e0
[    0.001934] rcu: Hierarchical SRCU implementation.
[    0.002212] MSM Memory Dump base table set up
[    0.002232] MSM Memory Dump apps data table set up
[    0.002397] smp: Bringing up secondary CPUs ...
[    0.003056] CPU1: thread -1, cpu 1, socket 0, mpidr 80000001
[    0.003755] CPU2: thread -1, cpu 2, socket 0, mpidr 80000002
[    0.004414] CPU3: thread -1, cpu 3, socket 0, mpidr 80000003
[    0.004497] smp: Brought up 1 node, 4 CPUs
[    0.004514] SMP: Total of 4 processors activated (192.00 BogoMIPS).
[    0.004520] CPU: All CPU(s) started in SVC mode.
[    0.014975] VFP support v0.3: implementor 51 architecture 3 part 40 variant 3 rev 4
[    0.015277] clocksource: jiffies: mask: 0xffffffff max_cycles: 0xffffffff, max_idle_ns: 19112604462750000 ns
[    0.015294] futex hash table entries: 1024 (order: 4, 65536 bytes, linear)
[    0.015438] pinctrl core: initialized pinctrl subsystem
[    0.016608] NET: Registered protocol family 16
[    0.017696] DMA: preallocated 2048 KiB pool for atomic coherent allocations
[    0.018544] cpuidle: using governor ladder
[    0.018571] cpuidle: using governor menu
[    0.018712] NET: Registered protocol family 42
[    0.019000] hw-breakpoint: found 5 (+1 reserved) breakpoint and 4 watchpoint registers.
[    0.019008] hw-breakpoint: maximum watchpoint size is 8 bytes.
[    0.070127] msm_sps_probe: sps:sps is ready
[    3.058695] pps_core: LinuxPPS API ver. 1 registered
[    3.058706] pps_core: Software ver. 5.3.6 - Copyright 2005-2007 Rodolfo Giometti <giometti@linux.it>
[    3.058724] PTP clock support registered
[    3.059507] qcom_glink_rpm rpm-glink: RPM TOC has invalid magic
[    3.059530] qcom_glink_rpm: probe of rpm-glink failed with error -22
[    3.059756] workqueue: max_active 576 requested for napi_workq is out of range, clamping between 1 and 512
[    3.060547] clocksource: Switched to clocksource arch_sys_counter
[    3.061168] thermal_sys: Registered thermal governor 'step_wise'
[    3.061172] thermal_sys: Registered thermal governor 'user_space'
[    3.062564] NET: Registered protocol family 2
[    3.062734] IP idents hash table entries: 4096 (order: 3, 32768 bytes, linear)
[    3.063196] tcp_listen_portaddr_hash hash table entries: 512 (order: 0, 6144 bytes, linear)
[    3.063229] TCP established hash table entries: 2048 (order: 1, 8192 bytes, linear)
[    3.063260] TCP bind hash table entries: 2048 (order: 2, 16384 bytes, linear)
[    3.063301] TCP: Hash tables configured (established 2048 bind 2048)
[    3.063365] UDP hash table entries: 256 (order: 1, 8192 bytes, linear)
[    3.063390] UDP-Lite hash table entries: 256 (order: 1, 8192 bytes, linear)
[    3.063542] NET: Registered protocol family 1
[    3.063569] PCI: CLS 0 bytes, default 64
[    3.064510] hw perfevents: enabled with armv7_cortex_a7 PMU driver, 7 counters available
[    3.065376] Initialise system trusted keyrings
[    3.065576] workingset: timestamp_bits=14 max_order=16 bucket_order=2
[    3.070332] squashfs: version 4.0 (2009/01/31) Phillip Lougher
[    3.070340] jffs2: version 2.2 (NAND) (SUMMARY) (LZMA) (RTIME) (CMODE_PRIORITY) (c) 2001-2006 Red Hat, Inc.
[    3.095848] Key type asymmetric registered
[    3.095857] Asymmetric key parser 'x509' registered
[    3.100631] qcom-qmp-phy 84000.phy: Registered Qcom-QMP phy
[    3.100907] qcom-qmp-phy 78000.ssphy: 78000.ssphy supply vdda-phy not found, using dummy regulator
[    3.100971] qcom-qmp-phy 78000.ssphy: 78000.ssphy supply vdda-pll not found, using dummy regulator
[    3.101633] qcom-qmp-phy 78000.ssphy: Registered Qcom-QMP phy
[    3.102654] qcom-pcie 20000000.pci: IRQ mdm2ap_e911 not found
[    3.103028] ------------[ cut here ]------------
[    3.103039] WARNING: CPU: 0 PID: 1 at drivers/clk/qcom/clk-branch.c:92 0x81305580
[    3.103046] gcc_pcie0_aux_clk status stuck at 'off'
[    3.103048] Modules linked in:
[    3.103064] CPU: 0 PID: 1 Comm: swapper/0 Not tainted 5.4.213 #0
[    3.103069] Hardware name: Generic DT based system
[    3.103085] Function entered at [<81015e24>] from [<810125b4>]
[    3.103093] Function entered at [<810125b4>] from [<81588fcc>]
[    3.103101] Function entered at [<81588fcc>] from [<810223e0>]
[    3.103109] Function entered at [<810223e0>] from [<81022470>]
[    3.103116] Function entered at [<81022470>] from [<81305580>]
[    3.103124] Function entered at [<81305580>] from [<812fa9e0>]
[    3.103132] Function entered at [<812fa9e0>] from [<812faa44>]
[    3.103139] Function entered at [<812faa44>] from [<812f7e64>]
[    3.103146] Function entered at [<812f7e64>] from [<812be454>]
[    3.103155] Function entered at [<812be454>] from [<812bd6d4>]
[    3.103162] Function entered at [<812bd6d4>] from [<812ec97c>]
[    3.103170] Function entered at [<812ec97c>] from [<8134b8f0>]
[    3.103177] Function entered at [<8134b8f0>] from [<81349c54>]
[    3.103185] Function entered at [<81349c54>] from [<8134a090>]
[    3.103192] Function entered at [<8134a090>] from [<8134a284>]
[    3.103199] Function entered at [<8134a284>] from [<8134a368>]
[    3.103206] Function entered at [<8134a368>] from [<813483bc>]
[    3.103213] Function entered at [<813483bc>] from [<81349104>]
[    3.103221] Function entered at [<81349104>] from [<8134aae8>]
[    3.103228] Function entered at [<8134aae8>] from [<8100a588>]
[    3.103235] Function entered at [<8100a588>] from [<81716eb4>]
[    3.103243] Function entered at [<81716eb4>] from [<8159c8dc>]
[    3.103251] Function entered at [<8159c8dc>] from [<810090e0>]
[    3.103258] Exception stack(0x8f82ffb0 to 0x8f82fff8)
[    3.103267] ffa0:                                     00000000 00000000 00000000 00000000
[    3.103278] ffc0: 00000000 00000000 00000000 00000000 00000000 00000000 00000000 00000000
[    3.103287] ffe0: 00000000 00000000 00000000 00000000 00000013 00000000
[    3.103315] ---[ end trace 4600d2d8a57ee3a4 ]---
[    3.103322] Failed to enable clk 'aux': -16
[    3.103334] qcom-qmp-phy 84000.phy: failed to enable clks, err=-16
[    3.103347] phy phy-84000.phy.0: phy init failed --> -16
[    3.103434] qcom-pcie: probe of 20000000.pci failed with error -16
[    3.106068] bam-dma-engine 704000.dma: num-channels unspecified in dt
[    3.106079] bam-dma-engine 704000.dma: num-ees unspecified in dt
[    3.107097] bam-dma-engine 7884000.dma: qcom,controlled-remotely unspecified
[    3.108530] bam-dma-engine 7984000.dma: qcom,controlled-remotely unspecified
[    3.109225] msm-dcc b3000.dcc: DCC XPU is not specified
[    3.109416] msm-dcc b3000.dcc: jiffies_64: 0xffff8c05, cntvct_64: 0xf01c7da
[    3.109428] msm-dcc b3000.dcc: gcnt_hi: 0x00000000(0x(ptrval))
[    3.109439] msm-dcc b3000.dcc: gcnt_lo: 0x0f01ca33(0x(ptrval))
[    3.109900] global timer is null
[    3.110067] CPU: IPQ6000, SoC Version: 1.0
[    3.110074] OEM_ID: 0, PROD_ID: 0
[    3.110416] msm_rpm_log_probe: OK
[    3.111002] TZ SMMU State: SMMU Stage2 Enabled
[    3.111062] TZ Log : Will warn on Access Violation, as paniconaccessviolation is not set
[    3.111662] msm_serial 78b1000.serial: msm_serial: detected port #0
[    3.111693] msm_serial 78b1000.serial: uartclk = 1843200
[    3.111732] 78b1000.serial: ttyMSM0 at MMIO 0x78b1000 (irq = 27, base_baud = 115200) is a MSM
[    3.111754] msm_serial: console setup on port #0
[    3.995456] printk: console [ttyMSM0] enabled
[    4.000379] msm_serial: driver initialized
[    4.004684] random: crng init done
[    4.008466] loop: module loaded
[    4.012913] nand: device found, Manufacturer ID: 0xc8, Chip ID: 0x61
[    4.014787] nand: ESMT PSR1GA30DT
[    4.021399] nand: 128 MiB, SLC, erase size: 128 KiB, page size: 2048, OOB size: 64
[    4.024702] 19 fixed-partitions partitions found on MTD device qcom_nand.0
[    4.032076] Creating 19 MTD partitions on "qcom_nand.0":
[    4.038921] 0x000000000000-0x000000180000 : "0:SBL1"
[    4.046514] 0x000000180000-0x000000280000 : "0:MIBIB"
[    4.050914] 0x000000280000-0x000000300000 : "0:BOOTCONFIG"
[    4.055326] 0x000000300000-0x000000380000 : "0:BOOTCONFIG1"
[    4.060752] 0x000000380000-0x000000700000 : "0:QSEE"
[    4.069228] 0x000000700000-0x000000a80000 : "0:QSEE_1"
[    4.074491] 0x000000a80000-0x000000b00000 : "0:DEVCFG"
[    4.076352] 0x000000b00000-0x000000b80000 : "0:DEVCFG_1"
[    4.081474] 0x000000b80000-0x000000c00000 : "0:RPM"
[    4.086932] 0x000000c00000-0x000000c80000 : "0:RPM_1"
[    4.091562] 0x000000c80000-0x000000d00000 : "0:CDT"
[    4.096739] 0x000000d00000-0x000000d80000 : "0:CDT_1"
[    4.101425] 0x000000d80000-0x000000e00000 : "0:APPSBLENV"
[    4.106659] 0x000000e00000-0x000000f80000 : "0:APPSBL"
[    4.113130] 0x000000f80000-0x000001100000 : "0:APPSBL_1"
[    4.118080] 0x000001100000-0x000001180000 : "0:ART"
[    4.122589] 0x000001180000-0x000007200000 : "rootfs"
[    4.224429] mtd: device 16 (rootfs) set to be root filesystem
[    4.224781] mtdsplit: no squashfs found in "rootfs"
[    4.229153] 0x000007200000-0x000007280000 : "0:ETHPHYFW"
[    4.234923] 0x000007280000-0x000007cc0000 : "0:CTCCFW"
[    4.251155] spi_qup 78b5000.spi: IN:block:16, fifo:64, OUT:block:16, fifo:64
[    4.251781] spi-nor spi0.0: unrecognized JEDEC id bytes: 00 00 00 00 00 00
[    4.258475] qca-mdio 90000.mdio: Reset PHY by GPIO 507
[    4.484061] qca-mdio 90000.mdio: Reset PHY by GPIO 509
[    4.705386] qca-mdio 90000.mdio: qca-mdio driver was registered
[    4.705552] i2c /dev entries driver
[    4.714816] qti_scm_restart_reason qti,scm_restart_reason: reset_reason : [0x8980AF63]
[    4.715376] sdhci: Secure Digital Host Controller Interface driver
[    4.721641] sdhci: Copyright(c) Pierre Ossman
[    4.727778] sdhci-pltfm: SDHCI platform and OF driver helper
[    4.732620] 
[    4.732620] Version Rollback Feature Disabled
[    4.739782] remoteproc remoteproc0: cd00000.remoteproc is available
[    4.744085] coresight-tmc 6047000.tmc: failed to get flush cti, defer probe
[    4.749876] coresight-dynamic-funnel 6041000.funnel: Uses obsolete Coresight DT bindings
[    4.758446] coresight coresight-etm0: CPU0: ETM v4.0 initialized
[    4.765045] coresight-etm4x 619c000.etm: CPU0: (null) initialized
[    4.771369] coresight coresight-etm1: CPU1: ETM v4.0 initialized
[    4.777004] coresight-etm4x 619d000.etm: CPU1: (null) initialized
[    4.783448] coresight coresight-etm2: CPU2: ETM v4.0 initialized
[    4.789071] coresight-etm4x 619e000.etm: CPU2: (null) initialized
[    4.795503] coresight coresight-etm3: CPU3: ETM v4.0 initialized
[    4.801154] coresight-etm4x 619f000.etm: CPU3: (null) initialized
[    4.807389] coresight-stm 6002000.stm: coresight-stm : stm_register_device failed, probing deferred
[    4.813321] OF: graph: no port node found in /soc/cti@6010000
[    4.822237] OF: graph: no port node found in /soc/cti@6011000
[    4.828123] OF: graph: no port node found in /soc/cti@6012000
[    4.833883] OF: graph: no port node found in /soc/cti@6013000
[    4.839583] OF: graph: no port node found in /soc/cti@6014000
[    4.845326] OF: graph: no port node found in /soc/cti@6015000
[    4.851060] OF: graph: no port node found in /soc/cti@6016000
[    4.856771] OF: graph: no port node found in /soc/cti@6017000
[    4.862524] OF: graph: no port node found in /soc/cti@6018000
[    4.868231] OF: graph: no port node found in /soc/cti@6019000
[    4.873971] OF: graph: no port node found in /soc/cti@601a000
[    4.879687] OF: graph: no port node found in /soc/cti@601b000
[    4.885437] OF: graph: no port node found in /soc/cti@601c000
[    4.891164] OF: graph: no port node found in /soc/cti@601d000
[    4.896876] OF: graph: no port node found in /soc/cti@601e000
[    4.902631] OF: graph: no port node found in /soc/cti@601f000
[    4.908334] OF: graph: no port node found in /soc/cti@6198000
[    4.914091] OF: graph: no port node found in /soc/cti@6199000
[    4.919797] OF: graph: no port node found in /soc/cti@619a000
[    4.925539] OF: graph: no port node found in /soc/cti@619b000
[    4.931273] OF: graph: no port node found in /soc/cti@610c000
[    4.937726] OF: graph: no port node found in /soc/hwevent@6101000
[    4.942563] coresight-hwevent 6101000.hwevent: No csr data
[    4.948876] OF: graph: no port node found in /soc/csr@6001000
[    4.954090] coresight-csr 6001000.csr: CSR initialized: coresight-csr
[    4.960882] NET: Registered protocol family 10
[    4.967012] Segment Routing with IPv6
[    4.970674] NET: Registered protocol family 17
[    4.974359] Bridge firewalling registered
[    4.978645] 8021q: 802.1Q VLAN Support v1.8
[    4.982940] Registering SWP/SWPB emulation handler
[    4.986820] Loading compiled-in X.509 certificates
[    5.009879] cpufreq: cpufreq_online: CPU0: Running at unlisted freq: 24000 KHz
[    5.009961] cpufreq: cpufreq_online: CPU0: Unlisted initial frequency changed to: 864000 KHz
[    5.016296] sps_register_bam_device: sps:BAM 0x06064000 is registered
[    5.025154] coresight coresight-stm: STM32 initialized
[    5.031071] ubi0: attaching mtd16
[    5.559650] ubi0: scanning is finished
[    5.566910] ubi0: attached mtd16 (name "rootfs", size 96 MiB)
[    5.566930] ubi0: PEB size: 131072 bytes (128 KiB), LEB size: 126976 bytes
[    5.571635] ubi0: min./max. I/O unit sizes: 2048/2048, sub-page size 2048
[    5.578394] ubi0: VID header offset: 2048 (aligned 2048), data offset: 4096
[    5.585260] ubi0: good PEBs: 772, bad PEBs: 0, corrupted PEBs: 0
[    5.592029] ubi0: user volume: 3, internal volumes: 1, max. volumes count: 128
[    5.598274] ubi0: max/mean erase counter: 5/1, WL threshold: 4096, image sequence number: 1563024373
[    5.605318] ubi0: available PEBs: 0, total reserved PEBs: 772, PEBs reserved for bad PEB handling: 20
[    5.614615] ubi0: background thread "ubi_bgt0d" started, PID 91
[    5.616170] block ubiblock0_1: created from ubi0:1(rootfs)
[    5.629439] hctosys: unable to open rtc device (rtc0)
[    5.638507] VFS: Mounted root (squashfs filesystem) readonly on device 254:0.
[    5.640303] Freeing unused kernel memory: 280K
[    5.647257] This architecture does not have kernel memory protection.
[    5.651580] Run /sbin/init as init process
[    5.894419] init: Console is alive
[    5.894620] init: - watchdog -
[    6.745994] kmodloader: loading kernel modules from /etc/modules-boot.d/*
[    6.762988] Button Hotplug driver version 0.4.1
[    6.763668] gpio-keys soc:gpio_keys: gpio-keysdoes not support key code:539
[    6.768116] kmodloader: done loading kernel modules from /etc/modules-boot.d/*
[    6.782964] init: - preinit -
[    9.411327] UBIFS (ubi0:2): Mounting in unauthenticated mode
[    9.411463] UBIFS (ubi0:2): background thread "ubifs_bgt0_2" started, PID 182
[    9.449381] UBIFS (ubi0:2): recovery needed
[    9.555584] UBIFS (ubi0:2): recovery completed
[    9.555668] UBIFS (ubi0:2): UBIFS: mounted UBI device 0, volume 2, name "rootfs_data"
[    9.558925] UBIFS (ubi0:2): LEB size: 126976 bytes (124 KiB), min./max. I/O unit sizes: 2048 bytes/2048 bytes
[    9.566840] UBIFS (ubi0:2): FS size: 62853120 bytes (59 MiB, 495 LEBs), journal size 3174400 bytes (3 MiB, 25 LEBs)
[    9.576732] UBIFS (ubi0:2): reserved for root: 2968708 bytes (2899 KiB)
[    9.586957] UBIFS (ubi0:2): media format: w5/r0 (latest is w5/r0), UUID 6940C9DD-6FFB-4FCE-B47D-0AFD77208D06, small LPT model
[    9.599079] mount_root: switching to ubifs overlay
[    9.636241] urandom-seed: Seeding with /etc/urandom.seed
[    9.651332] procd: - early -
[    9.651377] procd: - watchdog -
[   10.204052] procd: - watchdog -
[   10.204269] procd: - ubus -
[   10.258451] procd: - init -
[   10.386751] cnss: INFO: IPC Logging is disabled!
[   10.387155] cnss[2]: INFO: No board_id in device tree for QCA6018
[   10.390848] cnss[2]: INFO: Platform driver probed successfully. plat 0x5a70c50c tgt 0xfffd
[   10.396989] cnss: INFO: cnss_plat_ipc_qmi_svc_init: CNSS Platform IPC QMI Service is started
[   10.602318] urngd: v1.0.2 started.
[   10.667501] kmodloader: loading kernel modules from /etc/modules.d/*
[   10.683531] cfg80211: Loading compiled-in X.509 certificates for regulatory database
[   10.743015] ssdk_dt_parse_port_bmp[871]:INFO:port_bmp doesn't exist!
[   10.770817] cnss: INFO: cnss_plat_ipc_qmi_reg_client_req_handler: QMI Client Connected. QMI Socket Node: 1 Port: 16391 ID: 1
[   10.770853] cnss: INFO: CNSS Daemon connected
[   10.783324] cnss: INFO: cnss_plat_ipc_qmi_init_setup_req_handler: MAC: 0 HW_TRC: 0 CAL: 0
[   10.812219] malibu_phy_api_ops_init[2855]:INFO:qca probe malibu phy driver succeeded!
[   10.899676] cfg80211: Loaded X.509 cert 'sforshee: 00b28ddf47aef9cea7'
[   10.919274] platform regulatory.0: Direct firmware load for regulatory.db failed with error -2
[   10.919306] platform regulatory.0: Falling back to sysfs fallback for: regulatory.db
[   10.968421] cfg80211: failed to load regulatory.db
[   11.170936] __adpt_hppe_uniphy_psgmii_mode_set[1162]:INFO:uniphy 0 psgmii channel selection
[   11.395623] adpt_hppe_port_mux_mac_type_set[2828]:WARN:port 3 need not to configure mux and mac type
[   11.395725] regi_init[4015]:INFO:Initializing HPPE Done!!
[   11.403893] regi_init[4075]:INFO:qca-ssdk module init succeeded!
[   11.411589] tun: Universal TUN/TAP device driver, 1.6
[   11.414593] EDMA ver 1 hw init
[   11.420346] EDMA HW Reset completed succesfully
[   11.423159] Num rings - TxDesc:1 (23-23) TxCmpl:1 (23-23)
[   11.427504] RxDesc:1 (15-15) RxFill:1 (7-7)
[   11.433420] dp1: ppe offload disabled: 0 for macid 5
[   11.437052] dp1: Switch attached to macid 5 status: 0
[   11.442295] (unnamed net_device) (uninitialized): netif_napi_add() called with weight 100
[   11.448187] dp2: ppe offload disabled: 0 for macid 1
[   11.455426] dp2: Switch attached to macid 1 status: 0
[   11.461456] dp3: ppe offload disabled: 0 for macid 2
[   11.465361] dp3: Switch attached to macid 2 status: 0
[   11.471169] dp4: ppe offload disabled: 0 for macid 4
[   11.475345] dp4: Switch attached to macid 4 status: 0
[   11.481145] GMAC5(8e39ed80) Invalid MAC@ - using 76:be:e9:99:44:8d
[   11.485329] dp5: ppe offload disabled: 0 for macid 5
[   11.491410] dp5: Switch attached to macid 5 status: 0
[   11.496544] nss-dp: probe of 3a001800.dp5 failed with error -14
[   11.501528] **********************************************************
[   11.507202] * NSS Data Plane driver
[   11.513799] **********************************************************
[   11.678442] nss_driver - fw of size 861416  bytes copied to load addr: 40000000, nss_id : 0
[   11.679740] Supported Frequencies - 
[   11.679742] 187.2 MHz 
[   11.685643] 748.8 MHz 
[   11.689408] 1.4976 GHz 
[   11.691597] 
[   11.696346] 7f272b00: set sdma 8e0dc300
[   11.698126] node size 2 # items 4
[   11.701597] memory: 40000000 268435456 (avl 216207360) items 4 active_cores 1
[   11.705050] addr/size storage words 2 2 # words 4 in DTS, ddr size 800000
[   11.712194] 7f272b00: NSS core 0 DDR from 40000000 to 40800000
[   11.719087] 7f272b00: meminfo init succeed
[   11.729264] 7f272b00: All resources initialized and nss core0 has been brought out of reset
[   11.736396] loading qca-wifi
[   11.741906] Ethernet Channel Bonding Driver: v3.7.1 (April 27, 2011)
[   11.754077] node size 2 # items 4
[   11.754098] memory: 40000000 268435456 (avl 216285184) items 4 active_cores 1
[   11.756374] addr/size storage words 2 2 # words 4 in DTS, ddr size 800000
[   11.763024] PPP generic driver version 2.4.2
[   11.763515] 7f272b00: nss core 0 booted successfully
[   11.770803] NET: Registered protocol family 24
[   11.782187] QCA multicast snooping installed successfully
[   11.786334] nss-macsec0 DT exist!
[   11.789495] cannot find nss-macsec1 node
[   11.792775] cannot find nss-macsec2 node
[   11.796688] cannot find nss-macsec3 node
[   11.800462] nss_macsec init success
[   11.821921] usbcore: registered new interface driver usbfs
[   11.821968] usbcore: registered new interface driver hub
[   11.826344] usbcore: registered new device driver usb
[   11.856314] xt_time: kernel timezone is -0000
[   11.865928] nf_conntrack_rtsp v0.7 loading
[   11.872881] nf_nat_rtsp v0.7 loading
[   11.879244] kmodloader: done loading kernel modules from /etc/modules.d/*
[   13.209904] configuring additional NSS pbufs
[   13.213343] additional pbufs of size 802816 got added to NSS
[   13.285048] qdf: unknown parameter 'mem_debug_disabled' ignored
[   13.799838] wlan: [1007:I:ANY] qdf_ini_parse: INI values read: 98
[   13.799866] wlan: [1007:I:ANY] qdf_ini_parse: INI file parse successful
[   13.809686] wlan: [1007:I:ANY] qdf_ini_parse: INI values read: 59
[   13.811345] wlan: [1007:I:ANY] qdf_ini_parse: INI file parse successful
[   14.022293] ECM init
[   14.022352] ECM database jhash random seed: 0xf6c1064a
[   14.227733] ECM init complete
[   14.256614] br-lan: port 1(eth1) entered blocking state
[   14.256646] br-lan: port 1(eth1) entered disabled state
[   14.261201] device eth1 entered promiscuous mode
[   14.276202] br-lan: port 2(eth2) entered blocking state
[   14.276447] br-lan: port 2(eth2) entered disabled state
[   14.281689] device eth2 entered promiscuous mode
[   14.290169] br-lan: port 3(eth3) entered blocking state
[   14.290307] br-lan: port 3(eth3) entered disabled state
[   14.298680] device eth3 entered promiscuous mode
[   14.480232] wlan: [1615:I:ANY] =======ol_if_register_wifi3_0==========
[   14.480232] 
[   14.480280] wlan: [1615:I:ANY] osif_nss_register_module: NSS wifi ops registered for target_type:1 with soc_ops:7091762b
[   14.487239] cnss[2]: ERR: cnss_register_subsys: Failed to get rproc handle 					    0 for device QCA6018
[   14.498307] remoteproc remoteproc0: powering up cd00000.remoteproc
[   14.531486] remoteproc remoteproc0: Booting fw image IPQ6018/q6_fw.mdt, size 7340
[   14.531559] wlan: [1615:I:ANY] ol_ath_wifi_ssr: SSR event 2 bus_type 1
[   15.056054] mc_attach: enabled snooping on br-lan.
[   15.290746] nss-dp 3a001200.dp3 eth2: PHY Link up speed: 1000
[   15.290900] br-lan: port 2(eth2) entered blocking state
[   15.295464] br-lan: port 2(eth2) entered forwarding state
[   15.300708] IPv6: ADDRCONF(NETDEV_CHANGE): br-lan: link becomes ready
[   15.706198] Subsystem error monitoring/handling services are up
[   15.706330] qcom-q6v5-wcss-pil cd00000.remoteproc: QDSP6SS Version : 0x100a0000
[   15.710951] qcom-q6v5-wcss-pil cd00000.remoteproc: WCSS Version : 0x10000000
[   15.721053] cnss[2]: INFO: QMI WLFW service connected, state: 0x10001
[   15.726703] cnss[2]: INFO: device_id : 0xfffd mem mode : [2]
[   15.732102] cnss[2]: INFO: platform name: CMIOT AX18
[   15.732304] cnss[2]: ERR: WARNING: More memory is reserved. Reserved size 0x2800000, Requested size 0x2740000.
[   15.743952] cnss[2]: INFO: Target capability: chip_id: 0x0, chip_family: 0x4, board_id: 0xff, soc_id: 0xffffffff, fw_version: 0x27050011, fw_build_timestamp: 2022-03-10 10:16, otp_version: 0x0 eeprom_caldata_read_timeout 0s bdf_dnld_method 1 regdb_mandatory 0 rxgainlut_support 0
[   15.767687] cnss[2]: INFO: Downloading BDF: IPQ6018/regdb.bin, size: 19348
[   15.782360] cnss[2]: INFO: Downloading BDF: IPQ6018/bdwlan.bin, size: 65536
[   15.788964] cnss[2]: WARN: Caldata not present. Skipping caldata download: IPQ6018/caldata.bin
[   15.830589] wlan: [1615:I:ANY] ol_ath_wifi_ssr: SSR event 3 bus_type 1
[   15.830626] wlan: [1615:I:ANY] ol_ath_wifi_ssr: Waiting for probe lock
[   15.836003] wlan: [1615:I:ANY] ol_ath_wifi_ssr: Starting Driver Probe
[   15.842640] cnss[2]: INFO: Waiting for FW ready. Device: 0xfffd, FW ready timeout: 15 seconds
[   15.849025] cnss[2]: INFO: FW ready received for device 0xfffd
[   15.857834] wlan: [1615:I:ANY] pld_ahb_wlan_enable: cnss_mode: Mission mode 
[   15.863560] cnss[2]: INFO: Sending mode message, mode: MISSION(0), state: 0x10007
[   15.877775] wlan: [1615:I:ANY] qca_napi_create: napi instance 0 created on pipe 4
[   15.878179] wlan: [1615:D:dfs] WLAN_DEBUG_DFS1 : dfs_psoc_obj_create_notification: DFS obj attach to psoc successfully
[   15.891684] wlan: [1615:I:ANY] qdf_ini_parse: INI values read: 0
[   15.895900] wlan: [1615:I:ANY] qdf_ini_parse: INI file parse fail: invalid file format
[   15.902515] wlan: [1615:E:CONFIG] cfg_ini_parse_to_store: Failed to parse *.ini file @ QCA6018.ini; status:4
[   15.934548] wlan: [1615:E:CONFIG] cfg_uint_item_handler: num_vdevs=16 - Out of range [1, 9]; Using 9
[   15.934605] wlan: [1615:E:CONFIG] cfg_uint_item_handler: num_peers=512 - Out of range [1, 128]; Using 128
[   15.942946] wlan: [1615:E:CONFIG] cfg_uint_item_handler: num_monitor_vaps=1 - Out of range [0, 0]; Using 0
[   15.952675] wlan: [1615:I:ANY] qdf_ini_parse: INI values read: 70
[   15.961871] wlan: [1615:I:ANY] qdf_ini_parse: INI file parse successful
[   15.969257] wlan: [1615:I:ANY] qdf_ini_section_parse: INI values parse successful read: 6 from section 256M
[   15.974549] wlan: [1615:I:ANY] osif_nss_wifi_soc_setup: nss-wifili:#1 register wifili function for soc 25
[   15.984249] wlan: [1615:I:ANY] osif_nss_wifi_soc_setup: nss register id -1 nss config 3 Target Type 19 
[   16.003962] wlan: [1615:I:ANY] ol_target_init_complete: CDP soc attach success
[   16.003992] wlan: [1615:I:ANY] ol_target_init_complete: Soc attach success NSS config 0 
[   16.011245] wlan: [7:I:TIF] HE_CAP Info = 9a08010d
[   16.018541] wlan: [7:I:TIF] Num HW modes = 2
[   16.023333] wlan: [7:I:TIF] Num PHY = 2
[   16.027643] wlan: [7:I:TIF] FW Build Version (Ext.) = 0
[   16.031248] wlan: [7:I:TIF] HDL Version: MajorVersion.MinorVersion = 0.0
[   16.036369] wlan: [7:I:TIF] Preferred HW Mode = 1 Num Radios = 2
[   16.043708] wlan: [7:W:TIF] add_11ax_mode_flags: 11AX wireless modes are not populated by the target in reg capabilities, adding 11AX wireless modes
[   16.049324] wlan: [7:I:TIF] init_deinit_add_11ax_modes: hw_mode_id = 1 phy_id = 0 wireless modes = 0
[   16.062911] wlan: [7:W:TIF] add_11ax_mode_flags: 11AX wireless modes are not populated by the target in reg capabilities, adding 11AX wireless modes
[   16.071846] wlan: [7:I:TIF] init_deinit_add_11ax_modes: hw_mode_id = 1 phy_id = 1 wireless modes = 0
[   16.085201] wlan: [7:W:TIF] add_11ax_mode_flags: 11AX wireless modes are not populated by the target in reg capabilities, adding 11AX wireless modes
[   16.094260] wlan: [7:I:TIF] init_deinit_add_11ax_modes: hw_mode_id = 5 phy_id = 0 wireless modes = 0
[   16.107601] wlan: [7:W:TIF] add_11ax_mode_flags: 11AX wireless modes are not populated by the target in reg capabilities, adding 11AX wireless modes
[   16.116655] wlan: [7:I:TIF] init_deinit_add_11ax_modes: hw_mode_id = 5 phy_id = 1 wireless modes = 0
[   16.129960] wlan: [7:E:TIF] init_deinit_populate_sap_coex_capability: Extraction of sap_coex_chan_pref cap failed
[   16.139158] wlan: [7:E:TIF] tgt_if_set_reg_afc_configure: service afc support not enable
[   16.149740] wlan: [7:I:TIF] init_deinit_alloc_pdevs: CDP PDEV ATTACH success
[   16.157915] wlan: [7:I:TIF] init_deinit_alloc_pdevs: CDP PDEV ATTACH success
[   16.164499] wlan: [7:I:ANY] qdf_ini_section_parse: INI values parse successful read: 3 from section 5G-256M
[   16.171336] wlan: [7:I:TIF] ol_ath_ema_init_ctx: Limit max_mgmt_frm_sz to 1.5K for low mem platforms
[   16.180918] wlan: [7:I:MBSSIE] ol_ath_ema_init_ctx: rnr_field_size_limit_override:0
[   16.190104] wlan: [7:I:MBSSIE] ol_ath_ema_init_ctx: rnr_field_size_limit_override & RNR_SIZE_LIMIT_OVERRIDE_MASK:>0
[   16.197633] wlan: [7:I:MBSSIE] ol_ath_ema_init_ctx: mbss_ie_enable :0x0 
[   16.207996] wlan: [7:I:MBSSIE] ol_ath_ema_init_ctx: max_pp: 1
[   16.214851] wlan: [7:I:MBSSIE] ol_ath_ema_sanitize_vendor_ie_config: vendor_ie_size: 0 ven_ie_size_nibble: 7
[   16.220588] wlan: [7:I:MBSSIE] ol_ath_ema_sanitize_vendor_ie_config: vendor_ie_size: 0 ven_ie_size_nibble: 7
[   16.230389] wlan: [7:I:MBSSIE] ol_ath_ema_sanitize_vendor_ie_config: vendor_ie_size: 0 ven_ie_size_nibble: 7
[   16.240167] wlan: [7:I:MBSSIE] ol_ath_ema_sanitize_vendor_ie_config: vendor_ie_size: 0 ven_ie_size_nibble: 7
[   16.249983] wlan: [7:I:MBSSIE] ol_ath_ema_sanitize_vendor_ie_config: vendor_ie_size: 0 ven_ie_size_nibble: 7
[   16.259823] wlan: [7:I:MBSSIE] ol_ath_ema_sanitize_vendor_ie_config: vendor_ie_size: 0 ven_ie_size_nibble: 7
[   16.269594] wlan: [7:I:MBSSIE] ol_ath_ema_sanitize_vendor_ie_config: vendor_ie_size: 0 ven_ie_size_nibble: 7
[   16.279446] wlan: [7:I:MBSSIE] ol_ath_ema_sanitize_vendor_ie_config: vendor_ie_size: 0 ven_ie_size_nibble: 7
[   16.289237] wlan: [7:I:MBSSIE] ol_ath_ema_sanitize_vendor_ie_config: vendor_ie_size: 0 ven_ie_size_nibble: 7
[   16.299128] wlan: [7:I:MBSSIE] ol_ath_ema_sanitize_vendor_ie_config: vendor_ie_size: 0 ven_ie_size_nibble: 7
[   16.308937] wlan: [7:I:MBSSIE] ol_ath_ema_sanitize_vendor_ie_config: vendor_ie_size: 0 ven_ie_size_nibble: 7
[   16.318702] wlan: [7:I:MBSSIE] ol_ath_ema_sanitize_vendor_ie_config: vendor_ie_size: 0 ven_ie_size_nibble: 7
[   16.328590] wlan: [7:I:MBSSIE] ol_ath_ema_sanitize_vendor_ie_config: vendor_ie_size: 0 ven_ie_size_nibble: 7
[   16.338718] wlan: [7:I:MBSSIE] ol_ath_ema_sanitize_vendor_ie_config: vendor_ie_size: 0 ven_ie_size_nibble: 7
[   16.348187] wlan: [7:I:MBSSIE] ol_ath_ema_sanitize_vendor_ie_config: vendor_ie_size: 0 ven_ie_size_nibble: 7
[   16.358049] wlan: [7:I:MBSSIE] ol_ath_ema_sanitize_vendor_ie_config: vendor_ie_size: 0 ven_ie_size_nibble: 7
[   16.367773] wlan: [7:I:MBSSIE] ol_ath_ema_sanitize_vendor_ie_config: vendor_ie_config_low: 0x77777777
[   16.377750] wlan: [7:I:MBSSIE] ol_ath_ema_sanitize_vendor_ie_config: vendor_ie_config_high: 0x77777777
[   16.386676] wlan: [7:I:MBSSIE] ol_ath_ema_sanitize_vendor_ie_config: vendor_ie_size_limit: 128
[   16.395881] wlan: [7:I:MBSSIE] ol_ath_ema_sanitize_optional_ie_config: optional_ie_size_limit: 166
[   16.404540] wlan: [7:I:MBSSIE] ol_ath_ema_init_ctx:  max_pp:1  max_ngroups:1 
[   16.413430] wlan: [7:I:MBSSIE] ol_ath_ema_determine_max_ngroup: max mgmt frame size :1500
[   16.420560] wlan: [7:I:MBSSIE] ol_ath_ema_determine_max_ngroup: common_part_sz      :800
[   16.428742] wlan: [7:I:MBSSIE] ol_ath_ema_determine_max_ngroup: max_non_tx_sz       :700
[   16.436867] wlan: [7:I:MBSSIE] ol_ath_ema_determine_max_ngroup: max_non_tx_sz_limit :294
[   16.444939] wlan: [7:I:MBSSIE] ol_ath_ema_determine_max_ngroup: max_pp              :1
[   16.453166] wlan: [7:I:MBSSIE] ol_ath_ema_determine_max_ngroup: no_of_ntx_vap_in_1_bcn:   2
[   16.460733] wlan: [7:I:MBSSIE] ol_ath_ema_determine_max_ngroup: no_of_ntx_vap_in_pp_bcns: 2
[   16.468970] wlan: [7:I:MBSSIE] ol_ath_ema_determine_max_ngroup: no_of_vaps_in_1_grp:      2
[   16.477358] wlan: [7:I:MBSSIE] ol_ath_ema_determine_max_ngroup: max_ngroup:               8
[   16.485651] wlan: [7:I:MBSSIE] ol_ath_ema_determine_max_ngroup: grp_sz:                   2
[   16.493979] wlan: [7:I:MBSSIE] ol_ath_ema_init_ctx: rnr_6ghz_adv_override:0
[   16.502547] wlan: [7:I:ANY] qdf_ini_section_parse: INI values parse successful read: 3 from section 2G-256M
[   16.509257] wlan: [7:I:TIF] ol_ath_ema_init_ctx: Limit max_mgmt_frm_sz to 1.5K for low mem platforms
[   16.518987] wlan: [7:I:MBSSIE] ol_ath_ema_init_ctx: rnr_field_size_limit_override:0
[   16.528426] wlan: [7:I:MBSSIE] ol_ath_ema_init_ctx: rnr_field_size_limit_override & RNR_SIZE_LIMIT_OVERRIDE_MASK:>0
[   16.535847] wlan: [7:I:MBSSIE] ol_ath_ema_init_ctx: mbss_ie_enable :0x0 
[   16.546168] wlan: [7:I:MBSSIE] ol_ath_ema_init_ctx: max_pp: 1
[   16.553129] wlan: [7:I:MBSSIE] ol_ath_ema_sanitize_vendor_ie_config: vendor_ie_size: 0 ven_ie_size_nibble: 7
[   16.558729] wlan: [7:I:MBSSIE] ol_ath_ema_sanitize_vendor_ie_config: vendor_ie_size: 0 ven_ie_size_nibble: 7
[   16.568640] wlan: [7:I:MBSSIE] ol_ath_ema_sanitize_vendor_ie_config: vendor_ie_size: 0 ven_ie_size_nibble: 7
[   16.578487] wlan: [7:I:MBSSIE] ol_ath_ema_sanitize_vendor_ie_config: vendor_ie_size: 0 ven_ie_size_nibble: 7
[   16.588260] wlan: [7:I:MBSSIE] ol_ath_ema_sanitize_vendor_ie_config: vendor_ie_size: 0 ven_ie_size_nibble: 7
[   16.598068] wlan: [7:I:MBSSIE] ol_ath_ema_sanitize_vendor_ie_config: vendor_ie_size: 0 ven_ie_size_nibble: 7
[   16.607916] wlan: [7:I:MBSSIE] ol_ath_ema_sanitize_vendor_ie_config: vendor_ie_size: 0 ven_ie_size_nibble: 7
[   16.617777] wlan: [7:I:MBSSIE] ol_ath_ema_sanitize_vendor_ie_config: vendor_ie_size: 0 ven_ie_size_nibble: 7
[   16.627530] wlan: [7:I:MBSSIE] ol_ath_ema_sanitize_vendor_ie_config: vendor_ie_size: 0 ven_ie_size_nibble: 7
[   16.637306] wlan: [7:I:MBSSIE] ol_ath_ema_sanitize_vendor_ie_config: vendor_ie_size: 0 ven_ie_size_nibble: 7
[   16.647112] wlan: [7:I:MBSSIE] ol_ath_ema_sanitize_vendor_ie_config: vendor_ie_size: 0 ven_ie_size_nibble: 7
[   16.656956] wlan: [7:I:MBSSIE] ol_ath_ema_sanitize_vendor_ie_config: vendor_ie_size: 0 ven_ie_size_nibble: 7
[   16.666733] wlan: [7:I:MBSSIE] ol_ath_ema_sanitize_vendor_ie_config: vendor_ie_size: 0 ven_ie_size_nibble: 7
[   16.676580] wlan: [7:I:MBSSIE] ol_ath_ema_sanitize_vendor_ie_config: vendor_ie_size: 0 ven_ie_size_nibble: 7
[   16.686357] wlan: [7:I:MBSSIE] ol_ath_ema_sanitize_vendor_ie_config: vendor_ie_size: 0 ven_ie_size_nibble: 7
[   16.696257] wlan: [7:I:MBSSIE] ol_ath_ema_sanitize_vendor_ie_config: vendor_ie_size: 0 ven_ie_size_nibble: 7
[   16.706004] wlan: [7:I:MBSSIE] ol_ath_ema_sanitize_vendor_ie_config: vendor_ie_config_low: 0x77777777
[   16.715775] wlan: [7:I:MBSSIE] ol_ath_ema_sanitize_vendor_ie_config: vendor_ie_config_high: 0x77777777
[   16.724892] wlan: [7:I:MBSSIE] ol_ath_ema_sanitize_vendor_ie_config: vendor_ie_size_limit: 128
[   16.734119] wlan: [7:I:MBSSIE] ol_ath_ema_sanitize_optional_ie_config: optional_ie_size_limit: 166
[   16.742681] wlan: [7:I:MBSSIE] ol_ath_ema_init_ctx:  max_pp:1  max_ngroups:1 
[   16.751659] wlan: [7:I:MBSSIE] ol_ath_ema_determine_max_ngroup: max mgmt frame size :1500
[   16.758814] wlan: [7:I:MBSSIE] ol_ath_ema_determine_max_ngroup: common_part_sz      :800
[   16.766984] wlan: [7:I:MBSSIE] ol_ath_ema_determine_max_ngroup: max_non_tx_sz       :700
[   16.775244] wlan: [7:I:MBSSIE] ol_ath_ema_determine_max_ngroup: max_non_tx_sz_limit :294
[   16.783247] wlan: [7:I:MBSSIE] ol_ath_ema_determine_max_ngroup: max_pp              :1
[   16.791291] wlan: [7:I:MBSSIE] ol_ath_ema_determine_max_ngroup: no_of_ntx_vap_in_1_bcn:   2
[   16.799011] wlan: [7:I:MBSSIE] ol_ath_ema_determine_max_ngroup: no_of_ntx_vap_in_pp_bcns: 2
[   16.807292] wlan: [7:I:MBSSIE] ol_ath_ema_determine_max_ngroup: no_of_vaps_in_1_grp:      2
[   16.815596] wlan: [7:I:MBSSIE] ol_ath_ema_determine_max_ngroup: max_ngroup:               8
[   16.823942] wlan: [7:I:MBSSIE] ol_ath_ema_determine_max_ngroup: grp_sz:                   2
[   16.832304] wlan: [7:I:MBSSIE] ol_ath_ema_init_ctx: rnr_6ghz_adv_override:0
[   16.840604] wlan: [7:I:TIF] init_deinit_get_total_num_ema_vaps: num_radios: 2
[   16.847530] wlan: [7:I:TIF] init_deinit_get_total_num_ema_vaps: ema_max_vap_cnt: 0
[   16.854968] wlan: [7:I:TIF] init_deinit_get_total_num_vdevs_for_soc: num_vdevs: 18
[   16.862295] wlan: [7:I:TIF] init_deinit_get_total_num_ema_vaps: num_radios: 2
[   16.869835] wlan: [7:I:TIF] init_deinit_get_total_num_ema_vaps: ema_max_vap_cnt: 0
[   16.877089] wlan: [7:I:TIF] init_deinit_get_total_num_vdevs_for_soc: num_vdevs: 18
[   16.884522] wlan: [7:I:TIF] init_deinit_get_total_num_ema_vaps: num_radios: 2
[   16.892067] wlan: [7:I:TIF] init_deinit_get_total_num_ema_vaps: ema_max_vap_cnt: 0
[   16.899271] wlan: [7:I:TIF] init_deinit_get_total_num_vdevs_for_soc: num_vdevs: 18
[   16.906772] wlan: [7:I:TIF] init_deinit_get_total_num_ema_vaps: num_radios: 1
[   16.914289] wlan: [7:I:TIF] init_deinit_get_total_num_ema_vaps: ema_max_vap_cnt: 0
[   16.921504] wlan: [7:I:TIF] init_deinit_get_total_num_vdevs_for_soc: num_vdevs: 9
[   16.929480] wlan: [7:I:TIF] init_deinit_update_pdev_tgt_info: CDP PDEV INIT success
[   16.936995] wlan: [7:I:TIF] init_deinit_update_pdev_tgt_info: CDP PDEV INIT success
[   17.155996] wlan: [7:I:ANY] ready_extract_init_status_tlv: ready_extract_init_status_tlv:0
[   17.162796] wlan: [1615:I:ANY] ath_get_radio_index: Error: Could not match the device name : wifi%d
[   17.163158] wlan: [1615:E:NSS] [nss-wifili]: pdev:c214edd2 radio_ifnum:29 scheme_id:0 radio_priority:1 
[   17.174354] wlan: [1615:E:TIF] target_if_lro_hash_config: pdev with id 0 is NULL
[   17.181523] wlan: [1615:I:ANY] ath_get_radio_index: Error: Could not match the device name : wifi%d
[   17.189109] wlan: [1615:E:NSS] [nss-wifili]: pdev:ba812cc9 radio_ifnum:30 scheme_id:1 radio_priority:0 
[   17.200174] wlan: [1615:E:TIF] target_if_lro_hash_config: pdev with id 1 is NULL
[   17.207520] wlan: [1615:I:MSCS] qca_mscs_module_init: 
[   17.207520] ****QCA MSCS Initialization Done**** SoC f4ac4c20
[   17.214947] wlan: [1615:I:ANY] __ol_ath_attach: soc(0xf4ac4c20): soc0 pdev: wifi0
[   17.225815] wlan: [1615:I:ANY] ol_ath_cohost_bssid_ind_init: COHOSTED BSSID IND disabled for pdev[0]
[   17.233130] wlan: [1615:I:TIF] ol_ath_pdev_regdmn_init:  phy id = 0 Modes supported
[   17.242326] wlan: [1615:I:TIF] ol_ath_pdev_regdmn_init:  11b = 0 11g = 0 11a = 1 11n = 1 11ac = 1 11ax = 1
[   17.249699] wlan: [1615:I:TIF] ol_ath_pdev_regdmn_init:  Reg cap - phy_id = 0 supp_bnd = 2, modes = 391f9001, lo_2ghz = 0, hi_2ghz = 0 lo_5ghz = 4900, hi_5ghz = 5920
[   17.259652] wlan: [1615:I:MBSSIE] ieee80211_mbss_attach: :>
[   17.274268] wlan: [1615:I:MBSSIE] ieee80211_mbss_attach: :<ret:0
[   17.280956] wlan: [1615:I:ANY] wlan_scan_update_channel_list: num_chan: 25
[   17.286011] wlan: [1615:I:ANY] ol_ath_pri20_cfg_blockchanlist_parse: cfg block channel list is empty
[   17.286015] wlan: [0:E:NSS] [nss-wifili]: NSS Wifili DBDC Repeater enable message passed
[   17.292649] wlan: [1615:I:ANY] ol_ath_enable_fraglist: Enabled Fraglist bit for the radio wifi0 features 41 
[   17.311020] wlan: [1615:I:ANY] __ol_ath_attach: soc(0xf4ac4c20): soc0 pdev: wifi1
[   17.320166] wlan: [1615:I:ANY] ol_ath_cohost_bssid_ind_init: COHOSTED BSSID IND disabled for pdev[1]
[   17.327664] wlan: [1615:I:TIF] ol_ath_pdev_regdmn_init:  phy id = 1 Modes supported
[   17.336382] wlan: [1615:I:TIF] ol_ath_pdev_regdmn_init:  11b = 1 11g = 1 11a = 0 11n = 1 11ac = 1 11ax = 1
[   17.343753] wlan: [1615:I:TIF] ol_ath_pdev_regdmn_init:  Reg cap - phy_id = 1 supp_bnd = 1, modes = 680680c, lo_2ghz = 2312, hi_2ghz = 2732 lo_5ghz = 0, hi_5ghz = 0
[   17.353791] wlan: [1615:I:MBSSIE] ieee80211_mbss_attach: :>
[   17.368329] wlan: [1615:I:MBSSIE] ieee80211_mbss_attach: :<ret:0
[   17.373785] nss-dp 3a001200.dp3 eth2: PHY Link is down
[   17.375643] wlan: [1615:I:ANY] acfg_attach: Offload using existing sock 5b004e67
[   17.385531] wlan: [1615:I:ANY] wlan_scan_update_channel_list: num_chan: 11
[   17.385963] br-lan: port 2(eth2) entered disabled state
[   17.392717] wlan: [0:E:NSS] [nss-wifili]: NSS Wifili DBDC Repeater enable message passed
[   17.392767] wlan: [1615:I:ANY] ol_ath_pri20_cfg_blockchanlist_parse: cfg block channel list is empty
[   17.392836] wlan: [1615:I:ANY] ol_ath_enable_fraglist: Enabled Fraglist bit for the radio wifi1 features 41 
[   17.401180] wlan: [1615:I:Dynamic Mode Change] ol_ath_check_and_reconfig_hw_mode: Running with HW mode = 1
[   17.432270] remoteproc remoteproc0: remote processor cd00000.remoteproc is now up
[   17.475198] ath_pktlog: module license 'Proprietary' taints kernel.
[   17.475227] Disabling lock debugging due to kernel taint
[   17.524596] ***** Fast boot VAP mode is enabled wifi1 *****
[   17.531501] ***** Fast boot VAP mode is enabled wifi0 *****
[   18.454049] wlan: [3623:I:ANY] wlan_scan_update_channel_list: num_chan: 13
[   18.454146] wlan: [3623:I:ANY] number of channels: 2G = 13 5G = 0, 6G = 0
[   18.459837] wlan: [3623:I:ANY] wlan_cfg80211_set_country: wlan_cfg80211_set_country: Country: CN ret: 0 
[   18.467948] wlan: [3624:I:ANY] wlan_scan_update_channel_list: num_chan: 13
[   18.478158] wlan: [3624:I:ANY] wlan_scan_update_channel_list: num_chan: 13
[   18.483174] wlan: [3624:I:ANY] number of channels: 2G = 0 5G = 13, 6G = 0
[   18.490299] wlan: [3624:I:ANY] wlan_cfg80211_set_country: wlan_cfg80211_set_country: Country: CN ret: 0 
[   18.645495] wlan: [3658:I:ANY] ol_ath_set_config_param: set TXBF_SND_PERIOD: val 100 stat 0
[   18.661807] wlan: [3661:I:ANY] ol_ath_set_config_param: set TXBF_SND_PERIOD: val 100 stat 0
[   18.725686] wlan: [0:I:RPTR] RPTR disconnect_timeout:10
[   18.742428] wlan: [0:I:RPTR] RPTR disconnect_timeout:10
[   18.752531] wlan: [0:I:RPTR] RPTR reconfiguration_timeout:60
[   18.770255] wlan: [0:I:RPTR] RPTR reconfiguration_timeout:60
[   19.032885] wlan: [3897:I:MBSSIE] osif_mbssid_sanity_check: mbssid_sanity_ok: YES
[   19.032935] wlan: [3897:I:ANY] osifp_create_wlan_vap: VDEV Create 00:03:7f:12:12:bf
[   19.039470] wlan: [3897:I:ANY] wlan_vap_create: devhandle=0xc214edd2, opmode=IEEE80211_M_HOSTAP, flags=0x1
[   19.039470] 
[   19.047315] wlan: [3897:I:ANY] osif_nss_ol_vap_create: NSS wifi offload VAP create IF 31 nss_id -1 
[   19.058352] wlan: [3897:I:ANY] osif_nss_ol_vap_create: NSS radio_if 29
[   19.067353] wlan: [0:I:ANY] osif_nss_vdev_cfg_callback: VDEV configuration success: 0
[   19.073666] wlan: [3897:I:ANY] osif_nss_ol_vap_create: vap create d5f912a5 : if_num 31 
[   19.082480] wlan: [3897:E:WMI] send_vdev_pn_mgmt_rxfilter_cmd_tlv: Rx PN Replay Check not supported by target
[   19.089617] wlan: [3897:E:ANY] ol_ath_set_pn_mgmt_rxfilter: WMI send cmd failed, not setting pn_rxfilter from app_filter
[   19.120643] wlan: [3897:I:ANY] WLAN-NSS: VAP NSS ops initialized 
[   19.120862] wlan: [3897:I:RPTR] RPTR vdev flags:0 pdev flags:0 vdev_id:0 pdev_id:0
[   19.450700] nss-dp 3a001200.dp3 eth2: PHY Link up speed: 1000
[   19.450805] br-lan: port 2(eth2) entered blocking state
[   19.455429] br-lan: port 2(eth2) entered forwarding state
[   20.246552] 8021q: adding VLAN 0 to HW filter on device ath0
[   20.247290] br-lan: port 4(ath0) entered blocking state
[   20.251311] br-lan: port 4(ath0) entered disabled state
[   20.256593] device ath0 entered promiscuous mode
[   20.261736] br-lan: port 4(ath0) entered blocking state
[   20.266295] br-lan: port 4(ath0) entered forwarding state
[   20.288538] wlan: [1502:I:ANY] wlan_cfg80211_start_ap: Start ath0 psoc:0 vdev:0
[   20.288576] wlan: [1502:I:ANY] DES SSID SET=Nwrt_5G
[   20.294677] wlan: [1502:I:ANY] wlan_cfg80211_chan_to_phymode: band:1 width: 3 channel_cfreq: 5745 center_freq1: 5775 chandef.center_freq2: 0 flags: 288
[   20.299524] wlan: [1502:I:ANY] HT Support:9095bf27 VHT Support:8f1ddfbd HE Support:5dda51ca
[   20.313062] wlan: [1502:I:ANY] Max supported wireless mode: 3
[   20.321386] wlan: [1502:I:ANY] Phymode: 30 
[   20.321386] 
[   20.327568] wlan: [1502:I:MBSSIE] wlan_cfg80211_start_ap: Set tx-vap ath0: vdev_id:0
[   20.333031] wlan: [1502:E:MBSSIE] ieee80211_ucfg_set_txvap: MBSSID is not enabled
[   20.446065] wlan: [0:W:ANY] ieee80211_set_ul_mumimo: Overriding UL MUMIMO configuration to 0 as per Target Capability for VDEV 0
[   20.446173] wlan: [0:D:dfs] Skip CAC on NON-DFS chan
[   20.457049] wlan: [0:I:CMN_MLME] mlme_ext_vap_up: VAP (ath0) 00:03:7f:12:12:bf is up
[   21.273116] ***** Fast boot VAP is completed... *****
[   21.506541] qca-wifi loaded
[   25.832598] mc_detach: disabled snooping on br-lan.
[   31.016413] mc_attach: enabled snooping on br-lan.
[   31.027885] mc_detach: disabled snooping on br-lan.
[   31.119937] wlan: [1502:I:ANY] Skip bcast de-auth reason code 3, handled in VDEV down
[   31.120461] device ath0 left promiscuous mode
[   31.127032] br-lan: port 4(ath0) entered disabled state
[   31.131554] wlan: [1502:I:ANY] wlan_cfg80211_stop_ap: Stop ath0 psoc:0 vdev:0
[   31.136173] wlan: [1502:E:MBSSIE] wlan_mbss_group_iterate_vdev_list: ic_mbss_ctx NULL
[   31.144106] wlan: [0:I:CMN_MLME] mlme_ext_vap_down: VAP (ath0) 00:03:7f:12:12:bf is down
[   31.291885] wlan: [6165:I:ANY] osif_nss_ol_vap_delete: vap detach d5f912a5: if_num 31 
[   31.291919] wlan: [6165:I:ANY] osif_nss_vdev_detach: Dealloc Dynamic interface Node :31 of type:6
[   31.304020] wlan: [0:I:ANY] osif_nss_vdev_set_cfg:  vap transmit called on invalid interface d5f912a5
[   31.308222] wlan: [6165:I:ANY] ieee80211_mbo_vdetach: MBO terminated
[   31.308222] 
[   31.316998] wlan: [0:E:ANY] ol_peer_delete_response_event_handler: peer_del_resp: mac: 00:03:7f:12:12:bf vdevid: 0 Unable to find vdev
[   31.317076] wlan: [0:I:ANY] osif_nss_wifili_vdev_get_mpsta_vdevid: Get MPSTA: vdev is NULL
[   31.336710] wlan: [6165:I:ANY] ieee80211_oce_vdetach: OCE terminated
[   31.336710] 
[   31.345782] wlan: [6165:I:ANY] wlan_scan_update_channel_list: num_chan: 13
[   31.353578] wlan: [6165:I:ANY] ol_ath_soc_stop: Suspending Target  soc=f4ac4c20
[   31.359559] wlan: [6165:I:ANY] wlan_pdev_operation: disable_target_intr val is 1
[   31.366841] wlan: [6165:I:ANY] wlan_pdev_operation: disable_target_intr val is 1
[   31.374438] wlan: [6165:I:ANY] ol_ath_soc_stop: waiting for target paused event from target
[   31.381854] wlan: [6165:I:ANY] ol_ath_soc_stop: nss-wifi: detach soc->soc_idx: 0 - 100 delay 
[   31.389866] wlan: [6165:E:NSS] [nss-wifili]: sending soc stop message to NSS
[   31.898595] wlan: [6165:E:NSS] [nss-wifili]: calling pdev de-attach with id 0 
[   31.901217] wlan: [6165:E:NSS] [nss-wifili]: calling pdev de-attach with id 1 
[   31.909176] wlan: [6165:E:NSS] nss-wifili: Free Host Pool Memory
[   31.911939] wlan: [6165:I:ANY] ol_ath_soc_stop: disable dp interrupts:: soc: 51b4c7e5
[   31.920911] wlan: [6165:E:Monitor Filter] dp_mon_filter_update_1_0: 51b4c7e5: Monitor status ring filter setting failed
[   31.925832] wlan: [6165:E:Monitor Filter] dp_mon_filter_reset_mon_srng: 51b4c7e5: Monitor destination ring filter setting failed
[   31.937475] wlan: [6165:E:Monitor Filter] dp_mon_filter_update_1_0: 51b4c7e5: Monitor status ring filter setting failed
[   31.948241] wlan: [6165:E:Monitor Filter] dp_mon_filter_reset_mon_srng: 51b4c7e5: Monitor destination ring filter setting failed
[   31.959443] wlan: [6165:E:HIF] hif_deconfigure_ext_group_interrupts: scn(455fc08a) is NULL or grp irq not configured
[   31.970790] cnss[2]: INFO: Sending mode message, mode: OFF(4), state: 0x10007
[   31.981929] cnss[2]: INFO: QMI WLFW service disconnected, state: 0x10006
[   31.981988] wlan: [6165:I:ANY] ol_ath_wifi_ssr: SSR event 0 bus_type 1
[   31.994845] wlan: [6165:I:ANY] ol_ath_wifi_ssr: nss-wifi: soc_stop soc->soc_idx: 0 
[   32.001176] wlan: [6165:E:NSS] [nss-wifili]: stop ERROR - Null nss context
[   32.034909] wlan: [6165:I:ANY] ol_ath_wifi_ssr: SSR event 1 bus_type 1
[   32.034944] remoteproc remoteproc0: stopped remote processor cd00000.remoteproc
[   33.524193] cnss[2]: INFO: __cnss_subsystem_get: driver_state: 0x0
[   33.524227] remoteproc remoteproc0: powering up cd00000.remoteproc
[   33.529612] remoteproc remoteproc0: Booting fw image IPQ6018/q6_fw.mdt, size 7340
[   33.535551] wlan: [7221:I:ANY] ol_ath_wifi_ssr: SSR event 2 bus_type 1
[   33.836120] Subsystem error monitoring/handling services are up
[   33.836174] qcom-q6v5-wcss-pil cd00000.remoteproc: QDSP6SS Version : 0x100a0000
[   33.840896] qcom-q6v5-wcss-pil cd00000.remoteproc: WCSS Version : 0x10000000
[   33.849511] cnss[2]: INFO: QMI WLFW service connected, state: 0x1
[   33.855706] cnss[2]: INFO: device_id : 0xfffd mem mode : [2]
[   33.861467] cnss[2]: INFO: platform name: CMIOT AX18
[   33.861635] cnss[2]: ERR: WARNING: More memory is reserved. Reserved size 0x2800000, Requested size 0x2740000.
[   33.873398] cnss[2]: INFO: Target capability: chip_id: 0x0, chip_family: 0x4, board_id: 0xff, soc_id: 0xffffffff, fw_version: 0x27050011, fw_build_timestamp: 2022-03-10 10:16, otp_version: 0x0 eeprom_caldata_read_timeout 0s bdf_dnld_method 1 regdb_mandatory 0 rxgainlut_support 0
[   33.884362] cnss[2]: INFO: Downloading BDF: IPQ6018/regdb.bin, size: 19348
[   33.907901] cnss[2]: INFO: Downloading BDF: IPQ6018/bdwlan.bin, size: 65536
[   33.917443] cnss[2]: WARN: Caldata not present. Skipping caldata download: IPQ6018/caldata.bin
[   33.960575] wlan: [7221:I:ANY] ol_ath_wifi_ssr: SSR event 3 bus_type 1
[   33.960615] wlan: [7221:I:ANY] ol_ath_wifi_ssr: Waiting for probe lock
[   33.966008] wlan: [7221:I:ANY] ol_ath_wifi_ssr: Starting Driver Probe
[   33.972590] remoteproc remoteproc0: remote processor cd00000.remoteproc is now up
[   33.979101] wlan: [7221:I:ANY] _ol_ath_target_start: subsystem_get success
[   33.986527] cnss[2]: INFO: Waiting for FW ready. Device: 0xfffd, FW ready timeout: 15 seconds
[   33.993268] cnss[2]: INFO: FW ready received for device 0xfffd
[   34.002125] wlan: [7221:I:ANY] pld_ahb_wlan_enable: cnss_mode: Mission mode 
[   34.007775] cnss[2]: INFO: Sending mode message, mode: MISSION(0), state: 0x7
[   34.022246] wlan: [7221:I:ANY] qca_napi_create: napi instance 0 created on pipe 4
[   34.030077] wlan: [7221:I:ANY] ol_target_init_complete: CDP soc attach success
[   34.030104] wlan: [7221:I:ANY] ol_target_init_complete: Soc attach success NSS config 0 
[   34.037301] wlan: [7:I:TIF] HE_CAP Info = 9a08010d
[   34.044643] wlan: [7:I:TIF] Num HW modes = 2
[   34.049227] wlan: [7:I:TIF] Num PHY = 2
[   34.053662] wlan: [7:I:TIF] FW Build Version (Ext.) = 0
[   34.057214] wlan: [7:I:TIF] HDL Version: MajorVersion.MinorVersion = 0.0
[   34.062436] wlan: [7:I:TIF] Preferred HW Mode = 1 Num Radios = 2
[   34.069922] wlan: [7:W:TIF] add_11ax_mode_flags: 11AX wireless modes are not populated by the target in reg capabilities, adding 11AX wireless modes
[   34.075796] wlan: [7:I:TIF] init_deinit_add_11ax_modes: hw_mode_id = 1 phy_id = 0 wireless modes = 0
[   34.088680] wlan: [7:W:TIF] add_11ax_mode_flags: 11AX wireless modes are not populated by the target in reg capabilities, adding 11AX wireless modes
[   34.097777] wlan: [7:I:TIF] init_deinit_add_11ax_modes: hw_mode_id = 1 phy_id = 1 wireless modes = 0
[   34.111053] wlan: [7:W:TIF] add_11ax_mode_flags: 11AX wireless modes are not populated by the target in reg capabilities, adding 11AX wireless modes
[   34.120165] wlan: [7:I:TIF] init_deinit_add_11ax_modes: hw_mode_id = 5 phy_id = 0 wireless modes = 0
[   34.133448] wlan: [7:W:TIF] add_11ax_mode_flags: 11AX wireless modes are not populated by the target in reg capabilities, adding 11AX wireless modes
[   34.142569] wlan: [7:I:TIF] init_deinit_add_11ax_modes: hw_mode_id = 5 phy_id = 1 wireless modes = 0
[   34.155850] wlan: [7:E:TIF] init_deinit_populate_sap_coex_capability: Extraction of sap_coex_chan_pref cap failed
[   34.164966] wlan: [7:E:TIF] tgt_if_set_reg_afc_configure: service afc support not enable
[   34.175297] wlan: [7:I:ANY] qdf_ini_section_parse: INI values parse successful read: 3 from section 5G-256M
[   34.183300] wlan: [7:I:TIF] ol_ath_ema_init_ctx: Limit max_mgmt_frm_sz to 1.5K for low mem platforms
[   34.192750] wlan: [7:I:MBSSIE] ol_ath_ema_init_ctx: rnr_field_size_limit_override:0
[   34.202119] wlan: [7:I:MBSSIE] ol_ath_ema_init_ctx: rnr_field_size_limit_override & RNR_SIZE_LIMIT_OVERRIDE_MASK:>0
[   34.209481] wlan: [7:I:MBSSIE] ol_ath_ema_init_ctx: mbss_ie_enable :0x0 
[   34.219910] wlan: [7:I:MBSSIE] ol_ath_ema_init_ctx: max_pp: 1
[   34.226846] wlan: [7:I:MBSSIE] ol_ath_ema_sanitize_vendor_ie_config: vendor_ie_size: 0 ven_ie_size_nibble: 7
[   34.232499] wlan: [7:I:MBSSIE] ol_ath_ema_sanitize_vendor_ie_config: vendor_ie_size: 0 ven_ie_size_nibble: 7
[   34.242388] wlan: [7:I:MBSSIE] ol_ath_ema_sanitize_vendor_ie_config: vendor_ie_size: 0 ven_ie_size_nibble: 7
[   34.252198] wlan: [7:I:MBSSIE] ol_ath_ema_sanitize_vendor_ie_config: vendor_ie_size: 0 ven_ie_size_nibble: 7
[   34.262005] wlan: [7:I:MBSSIE] ol_ath_ema_sanitize_vendor_ie_config: vendor_ie_size: 0 ven_ie_size_nibble: 7
[   34.271816] wlan: [7:I:MBSSIE] ol_ath_ema_sanitize_vendor_ie_config: vendor_ie_size: 0 ven_ie_size_nibble: 7
[   34.281624] wlan: [7:I:MBSSIE] ol_ath_ema_sanitize_vendor_ie_config: vendor_ie_size: 0 ven_ie_size_nibble: 7
[   34.291434] wlan: [7:I:MBSSIE] ol_ath_ema_sanitize_vendor_ie_config: vendor_ie_size: 0 ven_ie_size_nibble: 7
[   34.301243] wlan: [7:I:MBSSIE] ol_ath_ema_sanitize_vendor_ie_config: vendor_ie_size: 0 ven_ie_size_nibble: 7
[   34.311053] wlan: [7:I:MBSSIE] ol_ath_ema_sanitize_vendor_ie_config: vendor_ie_size: 0 ven_ie_size_nibble: 7
[   34.320862] wlan: [7:I:MBSSIE] ol_ath_ema_sanitize_vendor_ie_config: vendor_ie_size: 0 ven_ie_size_nibble: 7
[   34.330670] wlan: [7:I:MBSSIE] ol_ath_ema_sanitize_vendor_ie_config: vendor_ie_size: 0 ven_ie_size_nibble: 7
[   34.340469] wlan: [7:I:MBSSIE] ol_ath_ema_sanitize_vendor_ie_config: vendor_ie_size: 0 ven_ie_size_nibble: 7
[   34.350290] wlan: [7:I:MBSSIE] ol_ath_ema_sanitize_vendor_ie_config: vendor_ie_size: 0 ven_ie_size_nibble: 7
[   34.360097] wlan: [7:I:MBSSIE] ol_ath_ema_sanitize_vendor_ie_config: vendor_ie_size: 0 ven_ie_size_nibble: 7
[   34.369907] wlan: [7:I:MBSSIE] ol_ath_ema_sanitize_vendor_ie_config: vendor_ie_size: 0 ven_ie_size_nibble: 7
[   34.379717] wlan: [7:I:MBSSIE] ol_ath_ema_sanitize_vendor_ie_config: vendor_ie_config_low: 0x77777777
[   34.389523] wlan: [7:I:MBSSIE] ol_ath_ema_sanitize_vendor_ie_config: vendor_ie_config_high: 0x77777777
[   34.398636] wlan: [7:I:MBSSIE] ol_ath_ema_sanitize_vendor_ie_config: vendor_ie_size_limit: 128
[   34.407839] wlan: [7:I:MBSSIE] ol_ath_ema_sanitize_optional_ie_config: optional_ie_size_limit: 166
[   34.416447] wlan: [7:I:MBSSIE] ol_ath_ema_init_ctx:  max_pp:1  max_ngroups:1 
[   34.425370] wlan: [7:I:MBSSIE] ol_ath_ema_determine_max_ngroup: max mgmt frame size :1500
[   34.432575] wlan: [7:I:MBSSIE] ol_ath_ema_determine_max_ngroup: common_part_sz      :800
[   34.440737] wlan: [7:I:MBSSIE] ol_ath_ema_determine_max_ngroup: max_non_tx_sz       :700
[   34.448887] wlan: [7:I:MBSSIE] ol_ath_ema_determine_max_ngroup: max_non_tx_sz_limit :294
[   34.456970] wlan: [7:I:MBSSIE] ol_ath_ema_determine_max_ngroup: max_pp              :1
[   34.465095] wlan: [7:I:MBSSIE] ol_ath_ema_determine_max_ngroup: no_of_ntx_vap_in_1_bcn:   2
[   34.472770] wlan: [7:I:MBSSIE] ol_ath_ema_determine_max_ngroup: no_of_ntx_vap_in_pp_bcns: 2
[   34.481016] wlan: [7:I:MBSSIE] ol_ath_ema_determine_max_ngroup: no_of_vaps_in_1_grp:      2
[   34.489338] wlan: [7:I:MBSSIE] ol_ath_ema_determine_max_ngroup: max_ngroup:               8
[   34.497680] wlan: [7:I:MBSSIE] ol_ath_ema_determine_max_ngroup: grp_sz:                   2
[   34.506013] wlan: [7:I:MBSSIE] ol_ath_ema_init_ctx: rnr_6ghz_adv_override:0
[   34.514520] wlan: [7:I:ANY] qdf_ini_section_parse: INI values parse successful read: 3 from section 2G-256M
[   34.521300] wlan: [7:I:TIF] ol_ath_ema_init_ctx: Limit max_mgmt_frm_sz to 1.5K for low mem platforms
[   34.531030] wlan: [7:I:MBSSIE] ol_ath_ema_init_ctx: rnr_field_size_limit_override:0
[   34.540378] wlan: [7:I:MBSSIE] ol_ath_ema_init_ctx: rnr_field_size_limit_override & RNR_SIZE_LIMIT_OVERRIDE_MASK:>0
[   34.547773] wlan: [7:I:MBSSIE] ol_ath_ema_init_ctx: mbss_ie_enable :0x0 
[   34.558191] wlan: [7:I:MBSSIE] ol_ath_ema_init_ctx: max_pp: 1
[   34.565127] wlan: [7:I:MBSSIE] ol_ath_ema_sanitize_vendor_ie_config: vendor_ie_size: 0 ven_ie_size_nibble: 7
[   34.570777] wlan: [7:I:MBSSIE] ol_ath_ema_sanitize_vendor_ie_config: vendor_ie_size: 0 ven_ie_size_nibble: 7
[   34.580671] wlan: [7:I:MBSSIE] ol_ath_ema_sanitize_vendor_ie_config: vendor_ie_size: 0 ven_ie_size_nibble: 7
[   34.590470] wlan: [7:I:MBSSIE] ol_ath_ema_sanitize_vendor_ie_config: vendor_ie_size: 0 ven_ie_size_nibble: 7
[   34.600287] wlan: [7:I:MBSSIE] ol_ath_ema_sanitize_vendor_ie_config: vendor_ie_size: 0 ven_ie_size_nibble: 7
[   34.610095] wlan: [7:I:MBSSIE] ol_ath_ema_sanitize_vendor_ie_config: vendor_ie_size: 0 ven_ie_size_nibble: 7
[   34.619904] wlan: [7:I:MBSSIE] ol_ath_ema_sanitize_vendor_ie_config: vendor_ie_size: 0 ven_ie_size_nibble: 7
[   34.629715] wlan: [7:I:MBSSIE] ol_ath_ema_sanitize_vendor_ie_config: vendor_ie_size: 0 ven_ie_size_nibble: 7
[   34.639524] wlan: [7:I:MBSSIE] ol_ath_ema_sanitize_vendor_ie_config: vendor_ie_size: 0 ven_ie_size_nibble: 7
[   34.649333] wlan: [7:I:MBSSIE] ol_ath_ema_sanitize_vendor_ie_config: vendor_ie_size: 0 ven_ie_size_nibble: 7
[   34.659141] wlan: [7:I:MBSSIE] ol_ath_ema_sanitize_vendor_ie_config: vendor_ie_size: 0 ven_ie_size_nibble: 7
[   34.668949] wlan: [7:I:MBSSIE] ol_ath_ema_sanitize_vendor_ie_config: vendor_ie_size: 0 ven_ie_size_nibble: 7
[   34.678765] wlan: [7:I:MBSSIE] ol_ath_ema_sanitize_vendor_ie_config: vendor_ie_size: 0 ven_ie_size_nibble: 7
[   34.688568] wlan: [7:I:MBSSIE] ol_ath_ema_sanitize_vendor_ie_config: vendor_ie_size: 0 ven_ie_size_nibble: 7
[   34.698380] wlan: [7:I:MBSSIE] ol_ath_ema_sanitize_vendor_ie_config: vendor_ie_size: 0 ven_ie_size_nibble: 7
[   34.708190] wlan: [7:I:MBSSIE] ol_ath_ema_sanitize_vendor_ie_config: vendor_ie_size: 0 ven_ie_size_nibble: 7
[   34.717999] wlan: [7:I:MBSSIE] ol_ath_ema_sanitize_vendor_ie_config: vendor_ie_config_low: 0x77777777
[   34.727803] wlan: [7:I:MBSSIE] ol_ath_ema_sanitize_vendor_ie_config: vendor_ie_config_high: 0x77777777
[   34.736917] wlan: [7:I:MBSSIE] ol_ath_ema_sanitize_vendor_ie_config: vendor_ie_size_limit: 128
[   34.746117] wlan: [7:I:MBSSIE] ol_ath_ema_sanitize_optional_ie_config: optional_ie_size_limit: 166
[   34.754711] wlan: [7:I:MBSSIE] ol_ath_ema_init_ctx:  max_pp:1  max_ngroups:1 
[   34.763649] wlan: [7:I:MBSSIE] ol_ath_ema_determine_max_ngroup: max mgmt frame size :1500
[   34.770858] wlan: [7:I:MBSSIE] ol_ath_ema_determine_max_ngroup: common_part_sz      :800
[   34.779008] wlan: [7:I:MBSSIE] ol_ath_ema_determine_max_ngroup: max_non_tx_sz       :700
[   34.787178] wlan: [7:I:MBSSIE] ol_ath_ema_determine_max_ngroup: max_non_tx_sz_limit :294
[   34.795249] wlan: [7:I:MBSSIE] ol_ath_ema_determine_max_ngroup: max_pp              :1
[   34.803323] wlan: [7:I:MBSSIE] ol_ath_ema_determine_max_ngroup: no_of_ntx_vap_in_1_bcn:   2
[   34.811048] wlan: [7:I:MBSSIE] ol_ath_ema_determine_max_ngroup: no_of_ntx_vap_in_pp_bcns: 2
[   34.819286] wlan: [7:I:MBSSIE] ol_ath_ema_determine_max_ngroup: no_of_vaps_in_1_grp:      2
[   34.827629] wlan: [7:I:MBSSIE] ol_ath_ema_determine_max_ngroup: max_ngroup:               8
[   34.835962] wlan: [7:I:MBSSIE] ol_ath_ema_determine_max_ngroup: grp_sz:                   2
[   34.844296] wlan: [7:I:MBSSIE] ol_ath_ema_init_ctx: rnr_6ghz_adv_override:0
[   34.852637] wlan: [7:I:TIF] init_deinit_get_total_num_ema_vaps: num_radios: 2
[   34.859562] wlan: [7:I:TIF] init_deinit_get_total_num_ema_vaps: ema_max_vap_cnt: 0
[   34.866865] wlan: [7:I:TIF] init_deinit_get_total_num_vdevs_for_soc: num_vdevs: 18
[   34.874330] wlan: [7:I:TIF] init_deinit_get_total_num_ema_vaps: num_radios: 2
[   34.881880] wlan: [7:I:TIF] init_deinit_get_total_num_ema_vaps: ema_max_vap_cnt: 0
[   34.889077] wlan: [7:I:TIF] init_deinit_get_total_num_vdevs_for_soc: num_vdevs: 18
[   34.896552] wlan: [7:I:TIF] init_deinit_get_total_num_ema_vaps: num_radios: 2
[   34.904101] wlan: [7:I:TIF] init_deinit_get_total_num_ema_vaps: ema_max_vap_cnt: 0
[   34.911309] wlan: [7:I:TIF] init_deinit_get_total_num_vdevs_for_soc: num_vdevs: 18
[   34.918764] wlan: [7:I:TIF] init_deinit_get_total_num_ema_vaps: num_radios: 1
[   34.926324] wlan: [7:I:TIF] init_deinit_get_total_num_ema_vaps: ema_max_vap_cnt: 0
[   34.933533] wlan: [7:I:TIF] init_deinit_get_total_num_vdevs_for_soc: num_vdevs: 9
[   34.942351] wlan: [7:I:TIF] init_deinit_update_pdev_tgt_info: CDP PDEV INIT success
[   34.949864] wlan: [7:I:TIF] init_deinit_update_pdev_tgt_info: CDP PDEV INIT success
[   35.166261] wlan: [7:I:ANY] ready_extract_init_status_tlv: ready_extract_init_status_tlv:0
[   35.172247] wlan: [7221:E:NSS] [nss-wifili]: pdev:c214edd2 radio_ifnum:32 scheme_id:0 radio_priority:1 
[   35.176217] wlan: [7221:E:TIF] target_if_lro_hash_config: pdev with id 0 is NULL
[   35.183046] wlan: [7221:E:NSS] [nss-wifili]: pdev:ba812cc9 radio_ifnum:33 scheme_id:1 radio_priority:0 
[   35.192117] wlan: [7221:E:TIF] target_if_lro_hash_config: pdev with id 1 is NULL
[   35.200789] wlan: [7221:I:ANY] ol_ath_soc_start: Skip txrx_pdev_attach_target
[   35.213525] wlan: [7221:I:ANY] wlan_scan_update_channel_list: num_chan: 25
[   35.214379] wlan: [7221:I:ANY] ol_ath_soc_start: Skip txrx_pdev_attach_target
[   35.221578] wlan: [7221:I:ANY] wlan_scan_update_channel_list: num_chan: 11
[   35.228276] wlan: [7221:I:Dynamic Mode Change] ol_ath_check_and_reconfig_hw_mode: Running with HW mode = 1
[   35.236023] wlan: [7221:I:ANY] wlan_scan_update_channel_list: num_chan: 13
[   35.245505] wlan: [7221:I:ANY] wlan_scan_update_channel_list: num_chan: 13
[   35.251528] wlan: [7221:I:ANY] number of channels: 2G = 0 5G = 13, 6G = 0
[   35.258379] wlan: [7221:I:ANY] wlan_cfg80211_set_country: wlan_cfg80211_set_country: Country: CN ret: 0 
[   35.421415] wlan: [7244:I:ANY] ol_ath_set_config_param: set TXBF_SND_PERIOD: val 100 stat 0
[   35.497650] wlan: [0:I:RPTR] RPTR disconnect_timeout:10
[   35.522916] wlan: [0:I:RPTR] RPTR reconfiguration_timeout:60
[   35.657250] wlan: [7314:I:MBSSIE] osif_mbssid_sanity_check: mbssid_sanity_ok: YES
[   35.657285] wlan: [7314:I:ANY] osifp_create_wlan_vap: VDEV Create 00:03:7f:12:12:bf
[   35.663874] wlan: [7314:I:ANY] wlan_vap_create: devhandle=0xc214edd2, opmode=IEEE80211_M_HOSTAP, flags=0x1
[   35.663874] 
[   35.671678] wlan: [7314:I:ANY] osif_nss_ol_vap_create: NSS wifi offload VAP create IF 34 nss_id -1 
[   35.682421] wlan: [7314:I:ANY] osif_nss_ol_vap_create: NSS radio_if 32
[   35.691406] wlan: [0:I:ANY] osif_nss_vdev_cfg_callback: VDEV configuration success: 0
[   35.697921] wlan: [7314:I:ANY] osif_nss_ol_vap_create: vap create 152d7bcb : if_num 34 
[   35.705969] wlan: [7314:E:WMI] send_vdev_pn_mgmt_rxfilter_cmd_tlv: Rx PN Replay Check not supported by target
[   35.713684] wlan: [7314:E:ANY] ol_ath_set_pn_mgmt_rxfilter: WMI send cmd failed, not setting pn_rxfilter from app_filter
[   35.750564] wlan: [7314:I:ANY] WLAN-NSS: VAP NSS ops initialized 
[   35.750681] wlan: [7314:I:RPTR] RPTR vdev flags:0 pdev flags:0 vdev_id:0 pdev_id:0
[   36.252635] mc_attach: enabled snooping on br-lan.
[   37.711905] wlan: [8777:I:ANY] wlan_scan_update_channel_list: num_chan: 13
[   37.711999] wlan: [8777:I:ANY] number of channels: 2G = 13 5G = 0, 6G = 0
[   37.717695] wlan: [8777:I:ANY] wlan_cfg80211_set_country: wlan_cfg80211_set_country: Country: CN ret: 0 
[   37.879794] wlan: [8795:I:ANY] ol_ath_set_config_param: set TXBF_SND_PERIOD: val 100 stat 0
[   37.962291] wlan: [0:I:RPTR] RPTR disconnect_timeout:10
[   37.987230] wlan: [0:I:RPTR] RPTR reconfiguration_timeout:60
[   38.715670] 8021q: adding VLAN 0 to HW filter on device ath0
[   38.716249] br-lan: port 4(ath0) entered blocking state
[   38.720392] br-lan: port 4(ath0) entered disabled state
[   38.725735] device ath0 entered promiscuous mode
[   38.730764] br-lan: port 4(ath0) entered blocking state
[   38.735413] br-lan: port 4(ath0) entered forwarding state
[   38.757203] wlan: [1502:I:ANY] wlan_cfg80211_start_ap: Start ath0 psoc:0 vdev:0
[   38.757243] wlan: [1502:I:ANY] DES SSID SET=Nwrt_5G
[   38.763344] wlan: [1502:I:ANY] wlan_cfg80211_chan_to_phymode: band:1 width: 3 channel_cfreq: 5745 center_freq1: 5775 chandef.center_freq2: 0 flags: 288
[   38.768192] wlan: [1502:I:ANY] HT Support:5a1e063e VHT Support:2043da03 HE Support:1aa9ef90
[   38.781789] wlan: [1502:I:ANY] Max supported wireless mode: 3
[   38.790045] wlan: [1502:I:ANY] Phymode: 30 
[   38.790045] 
[   38.796243] wlan: [1502:I:MBSSIE] wlan_cfg80211_start_ap: Set tx-vap ath0: vdev_id:0
[   38.801697] wlan: [1502:E:MBSSIE] ieee80211_ucfg_set_txvap: MBSSID is not enabled
[   38.914613] wlan: [0:W:ANY] ieee80211_set_ul_mumimo: Overriding UL MUMIMO configuration to 0 as per Target Capability for VDEV 0
[   38.914733] wlan: [0:D:dfs] Skip CAC on NON-DFS chan
[   38.925605] wlan: [0:I:CMN_MLME] mlme_ext_vap_up: VAP (ath0) 00:03:7f:12:12:bf is up
[   39.632903] S95done (2308): drop_caches: 3
[   42.820327] wlan: [1502:E:WMI] send_pdev_get_rxpn_cmd_tlv: Rx PN Replay Check not supported by target
[   58.365049] wlan: [1502:E:WMI] send_pdev_get_rxpn_cmd_tlv: Rx PN Replay Check not supported by target

```

